// Vitest Snapshot v1, https://vitest.dev/guide/snapshot.html

exports[`renders correctly 1`] = `
<div>
  <button
    aria-autocomplete="none"
    aria-controls="radix-:r0:"
    aria-expanded="false"
    class="flex h-9 items-center justify-between whitespace-nowrap rounded-md border border-input bg-transparent px-3 py-2 text-sm shadow-sm ring-offset-background placeholder:text-muted-foreground focus:outline-none focus:ring-1 focus:ring-ring disabled:cursor-not-allowed disabled:opacity-50 [&>span]:line-clamp-1 w-[180px]"
    data-placeholder=""
    data-state="closed"
    dir="ltr"
    role="combobox"
    type="button"
  >
    <span
      style="pointer-events: none;"
    >
      Theme
    </span>
  </button>
</div>
`;
